// Vitest Snapshot v1, https://vitest.dev/guide/snapshot.html

exports[`web semantic token mapping > records the complete allowed surface/role contrast matrix 1`] = `
[
  {
    "backgroundRole": "accent.informative.container",
    "composedBackground": "#00a4dc",
    "composedForeground": "#000000",
    "foregroundRole": "accent.informative.ink",
    "kind": "fill-ink",
    "ratio": 7.34,
    "surface": "canvas",
    "theme": "appletv",
    "threshold": 4.5,
  },
  {
    "backgroundRole": "action.primary.container",
    "composedBackground": "#000000",
    "composedForeground": "#ffffff",
    "foregroundRole": "action.primary.ink",
    "kind": "fill-ink",
    "ratio": 21,
    "surface": "canvas",
    "theme": "appletv",
    "threshold": 4.5,
  },
  {
    "backgroundRole": "action.secondary.container",
    "composedBackground": "#ffffff",
    "composedForeground": "#212121",
    "foregroundRole": "action.secondary.ink",
    "kind": "fill-ink",
    "ratio": 16.07,
    "surface": "canvas",
    "theme": "appletv",
    "threshold": 4.5,
  },
  {
    "backgroundRole": "action.tertiary.container",
    "composedBackground": "#d5e9f2",
    "composedForeground": "#1c1e1f",
    "foregroundRole": "action.tertiary.ink",
    "kind": "fill-ink",
    "ratio": 13.33,
    "surface": "canvas",
    "theme": "appletv",
    "threshold": 4.5,
  },
  {
    "backgroundRole": "action.destructive.container",
    "composedBackground": "#c62828",
    "composedForeground": "#ffffff",
    "foregroundRole": "action.destructive.ink",
    "kind": "fill-ink",
    "ratio": 5.62,
    "surface": "canvas",
    "theme": "appletv",
    "threshold": 4.5,
  },
  {
    "backgroundRole": "state.selected.container",
    "composedBackground": "#00a4dc",
    "composedForeground": "#000000",
    "foregroundRole": "state.selected.ink",
    "kind": "fill-ink",
    "ratio": 7.34,
    "surface": "canvas",
    "theme": "appletv",
    "threshold": 4.5,
  },
  {
    "backgroundRole": "state.active.container",
    "composedBackground": "#00a4dc",
    "composedForeground": "#000000",
    "foregroundRole": "state.active.ink",
    "kind": "fill-ink",
    "ratio": 7.34,
    "surface": "canvas",
    "theme": "appletv",
    "threshold": 4.5,
  },
  {
    "backgroundRole": "state.locked.container",
    "composedBackground": "#ffffff",
    "composedForeground": "#212121",
    "foregroundRole": "state.locked.ink",
    "kind": "fill-ink",
    "ratio": 16.07,
    "surface": "canvas",
    "theme": "appletv",
    "threshold": 4.5,
  },
  {
    "backgroundRole": "state.restricted.container",
    "composedBackground": "#c62828",
    "composedForeground": "#ffffff",
    "foregroundRole": "state.restricted.ink",
    "kind": "fill-ink",
    "ratio": 5.62,
    "surface": "canvas",
    "theme": "appletv",
    "threshold": 4.5,
  },
  {
    "backgroundRole": "state.success.container",
    "composedBackground": "#2e7d32",
    "composedForeground": "#ffffff",
    "foregroundRole": "state.success.ink",
    "kind": "fill-ink",
    "ratio": 5.13,
    "surface": "canvas",
    "theme": "appletv",
    "threshold": 4.5,
  },
  {
    "backgroundRole": "state.warning.container",
    "composedBackground": "#ed6c02",
    "composedForeground": "#000000",
    "foregroundRole": "state.warning.ink",
    "kind": "fill-ink",
    "ratio": 6.75,
    "surface": "canvas",
    "theme": "appletv",
    "threshold": 4.5,
  },
  {
    "backgroundRole": "state.error.container",
    "composedBackground": "#c62828",
    "composedForeground": "#ffffff",
    "foregroundRole": "state.error.ink",
    "kind": "fill-ink",
    "ratio": 5.62,
    "surface": "canvas",
    "theme": "appletv",
    "threshold": 4.5,
  },
  {
    "backgroundRole": "surface.canvas",
    "composedBackground": "#d5e9f2",
    "composedForeground": "#006d93",
    "foregroundRole": "accent.informative.foreground",
    "kind": "foreground-surface",
    "ratio": 4.65,
    "surface": "canvas",
    "theme": "appletv",
    "threshold": 4.5,
  },
  {
    "backgroundRole": "surface.canvas",
    "composedBackground": "#d5e9f2",
    "composedForeground": "#1c1e1f",
    "foregroundRole": "content.primary",
    "kind": "foreground-surface",
    "ratio": 13.33,
    "surface": "canvas",
    "theme": "appletv",
    "threshold": 4.5,
  },
  {
    "backgroundRole": "surface.canvas",
    "composedBackground": "#d5e9f2",
    "composedForeground": "#555d61",
    "foregroundRole": "content.secondary",
    "kind": "foreground-surface",
    "ratio": 5.35,
    "surface": "canvas",
    "theme": "appletv",
    "threshold": 4.5,
  },
  {
    "backgroundRole": "accent.informative.container",
    "composedBackground": "#00a4dc",
    "composedForeground": "#000000",
    "foregroundRole": "accent.informative.ink",
    "kind": "fill-ink",
    "ratio": 7.34,
    "surface": "raised",
    "theme": "appletv",
    "threshold": 4.5,
  },
  {
    "backgroundRole": "action.primary.container",
    "composedBackground": "#000000",
    "composedForeground": "#ffffff",
    "foregroundRole": "action.primary.ink",
    "kind": "fill-ink",
    "ratio": 21,
    "surface": "raised",
    "theme": "appletv",
    "threshold": 4.5,
  },
  {
    "backgroundRole": "action.secondary.container",
    "composedBackground": "#ffffff",
    "composedForeground": "#212121",
    "foregroundRole": "action.secondary.ink",
    "kind": "fill-ink",
    "ratio": 16.07,
    "surface": "raised",
    "theme": "appletv",
    "threshold": 4.5,
  },
  {
    "backgroundRole": "action.tertiary.container",
    "composedBackground": "#ffffff",
    "composedForeground": "#212121",
    "foregroundRole": "action.tertiary.ink",
    "kind": "fill-ink",
    "ratio": 16.07,
    "surface": "raised",
    "theme": "appletv",
    "threshold": 4.5,
  },
  {
    "backgroundRole": "action.destructive.container",
    "composedBackground": "#c62828",
    "composedForeground": "#ffffff",
    "foregroundRole": "action.destructive.ink",
    "kind": "fill-ink",
    "ratio": 5.62,
    "surface": "raised",
    "theme": "appletv",
    "threshold": 4.5,
  },
  {
    "backgroundRole": "state.selected.container",
    "composedBackground": "#00a4dc",
    "composedForeground": "#000000",
    "foregroundRole": "state.selected.ink",
    "kind": "fill-ink",
    "ratio": 7.34,
    "surface": "raised",
    "theme": "appletv",
    "threshold": 4.5,
  },
  {
    "backgroundRole": "state.active.container",
    "composedBackground": "#00a4dc",
    "composedForeground": "#000000",
    "foregroundRole": "state.active.ink",
    "kind": "fill-ink",
    "ratio": 7.34,
    "surface": "raised",
    "theme": "appletv",
    "threshold": 4.5,
  },
  {
    "backgroundRole": "state.locked.container",
    "composedBackground": "#ffffff",
    "composedForeground": "#212121",
    "foregroundRole": "state.locked.ink",
    "kind": "fill-ink",
    "ratio": 16.07,
    "surface": "raised",
    "theme": "appletv",
    "threshold": 4.5,
  },
  {
    "backgroundRole": "state.restricted.container",
    "composedBackground": "#c62828",
    "composedForeground": "#ffffff",
    "foregroundRole": "state.restricted.ink",
    "kind": "fill-ink",
    "ratio": 5.62,
    "surface": "raised",
    "theme": "appletv",
    "threshold": 4.5,
  },
  {
    "backgroundRole": "state.success.container",
    "composedBackground": "#2e7d32",
    "composedForeground": "#ffffff",
    "foregroundRole": "state.success.ink",
    "kind": "fill-ink",
    "ratio": 5.13,
    "surface": "raised",
    "theme": "appletv",
    "threshold": 4.5,
  },
  {
    "backgroundRole": "state.warning.container",
    "composedBackground": "#ed6c02",
    "composedForeground": "#000000",
    "foregroundRole": "state.warning.ink",
    "kind": "fill-ink",
    "ratio": 6.75,
    "surface": "raised",
    "theme": "appletv",
    "threshold": 4.5,
  },
  {
    "backgroundRole": "state.error.container",
    "composedBackground": "#c62828",
    "composedForeground": "#ffffff",
    "foregroundRole": "state.error.ink",
    "kind": "fill-ink",
    "ratio": 5.62,
    "surface": "raised",
    "theme": "appletv",
    "threshold": 4.5,
  },
  {
    "backgroundRole": "surface.raised",
    "composedBackground": "#ffffff",
    "composedForeground": "#006d93",
    "foregroundRole": "accent.informative.foreground",
    "kind": "foreground-surface",
    "ratio": 5.82,
    "surface": "raised",
    "theme": "appletv",
    "threshold": 4.5,
  },
  {
    "backgroundRole": "surface.raised",
    "composedBackground": "#ffffff",
    "composedForeground": "#212121",
    "foregroundRole": "content.primary",
    "kind": "foreground-surface",
    "ratio": 16.07,
    "surface": "raised",
    "theme": "appletv",
    "threshold": 4.5,
  },
  {
    "backgroundRole": "surface.raised",
    "composedBackground": "#ffffff",
    "composedForeground": "#666666",
    "foregroundRole": "content.secondary",
    "kind": "foreground-surface",
    "ratio": 5.74,
    "surface": "raised",
    "theme": "appletv",
    "threshold": 4.5,
  },
  {
    "backgroundRole": "accent.informative.container",
    "composedBackground": "#00a4dc",
    "composedForeground": "#000000",
    "foregroundRole": "accent.informative.ink",
    "kind": "fill-ink",
    "ratio": 7.34,
    "surface": "overlay",
    "theme": "appletv",
    "threshold": 4.5,
  },
  {
    "backgroundRole": "action.primary.container",
    "composedBackground": "#000000",
    "composedForeground": "#ffffff",
    "foregroundRole": "action.primary.ink",
    "kind": "fill-ink",
    "ratio": 21,
    "surface": "overlay",
    "theme": "appletv",
    "threshold": 4.5,
  },
  {
    "backgroundRole": "action.secondary.container",
    "composedBackground": "#ffffff",
    "composedForeground": "#212121",
    "foregroundRole": "action.secondary.ink",
    "kind": "fill-ink",
    "ratio": 16.07,
    "surface": "overlay",
    "theme": "appletv",
    "threshold": 4.5,
  },
  {
    "backgroundRole": "action.tertiary.container",
    "composedBackground": "#ffffff",
    "composedForeground": "#212121",
    "foregroundRole": "action.tertiary.ink",
    "kind": "fill-ink",
    "ratio": 16.07,
    "surface": "overlay",
    "theme": "appletv",
    "threshold": 4.5,
  },
  {
    "backgroundRole": "action.destructive.container",
    "composedBackground": "#c62828",
    "composedForeground": "#ffffff",
    "foregroundRole": "action.destructive.ink",
    "kind": "fill-ink",
    "ratio": 5.62,
    "surface": "overlay",
    "theme": "appletv",
    "threshold": 4.5,
  },
  {
    "backgroundRole": "state.selected.container",
    "composedBackground": "#00a4dc",
    "composedForeground": "#000000",
    "foregroundRole": "state.selected.ink",
    "kind": "fill-ink",
    "ratio": 7.34,
    "surface": "overlay",
    "theme": "appletv",
    "threshold": 4.5,
  },
  {
    "backgroundRole": "state.active.container",
    "composedBackground": "#00a4dc",
    "composedForeground": "#000000",
    "foregroundRole": "state.active.ink",
    "kind": "fill-ink",
    "ratio": 7.34,
    "surface": "overlay",
    "theme": "appletv",
    "threshold": 4.5,
  },
  {
    "backgroundRole": "state.locked.container",
    "composedBackground": "#ffffff",
    "composedForeground": "#212121",
    "foregroundRole": "state.locked.ink",
    "kind": "fill-ink",
    "ratio": 16.07,
    "surface": "overlay",
    "theme": "appletv",
    "threshold": 4.5,
  },
  {
    "backgroundRole": "state.restricted.container",
    "composedBackground": "#c62828",
    "composedForeground": "#ffffff",
    "foregroundRole": "state.restricted.ink",
    "kind": "fill-ink",
    "ratio": 5.62,
    "surface": "overlay",
    "theme": "appletv",
    "threshold": 4.5,
  },
  {
    "backgroundRole": "state.success.container",
    "composedBackground": "#2e7d32",
    "composedForeground": "#ffffff",
    "foregroundRole": "state.success.ink",
    "kind": "fill-ink",
    "ratio": 5.13,
    "surface": "overlay",
    "theme": "appletv",
    "threshold": 4.5,
  },
  {
    "backgroundRole": "state.warning.container",
    "composedBackground": "#ed6c02",
    "composedForeground": "#000000",
    "foregroundRole": "state.warning.ink",
    "kind": "fill-ink",
    "ratio": 6.75,
    "surface": "overlay",
    "theme": "appletv",
    "threshold": 4.5,
  },
  {
    "backgroundRole": "state.error.container",
    "composedBackground": "#c62828",
    "composedForeground": "#ffffff",
    "foregroundRole": "state.error.ink",
    "kind": "fill-ink",
    "ratio": 5.62,
    "surface": "overlay",
    "theme": "appletv",
    "threshold": 4.5,
  },
  {
    "backgroundRole": "surface.overlay",
    "composedBackground": "#ffffff",
    "composedForeground": "#006d93",
    "foregroundRole": "accent.informative.foreground",
    "kind": "foreground-surface",
    "ratio": 5.82,
    "surface": "overlay",
    "theme": "appletv",
    "threshold": 4.5,
  },
  {
    "backgroundRole": "surface.overlay",
    "composedBackground": "#ffffff",
    "composedForeground": "#212121",
    "foregroundRole": "content.primary",
    "kind": "foreground-surface",
    "ratio": 16.07,
    "surface": "overlay",
    "theme": "appletv",
    "threshold": 4.5,
  },
  {
    "backgroundRole": "surface.overlay",
    "composedBackground": "#ffffff",
    "composedForeground": "#666666",
    "foregroundRole": "content.secondary",
    "kind": "foreground-surface",
    "ratio": 5.74,
    "surface": "overlay",
    "theme": "appletv",
    "threshold": 4.5,
  },
  {
    "backgroundRole": "accent.informative.container",
    "composedBackground": "#00a4dc",
    "composedForeground": "#000000",
    "foregroundRole": "accent.informative.ink",
    "kind": "fill-ink",
    "ratio": 7.34,
    "surface": "canvas",
    "theme": "blueradiance",
    "threshold": 4.5,
  },
  {
    "backgroundRole": "action.primary.container",
    "composedBackground": "#ffffff",
    "composedForeground": "#000000",
    "foregroundRole": "action.primary.ink",
    "kind": "fill-ink",
    "ratio": 21,
    "surface": "canvas",
    "theme": "blueradiance",
    "threshold": 4.5,
  },
  {
    "backgroundRole": "action.secondary.container",
    "composedBackground": "#011432",
    "composedForeground": "#eeeeee",
    "foregroundRole": "action.secondary.ink",
    "kind": "fill-ink",
    "ratio": 15.77,
    "surface": "canvas",
    "theme": "blueradiance",
    "threshold": 4.5,
  },
  {
    "backgroundRole": "action.tertiary.container",
    "composedBackground": "#033361",
    "composedForeground": "#eeeeee",
    "foregroundRole": "action.tertiary.ink",
    "kind": "fill-ink",
    "ratio": 10.97,
    "surface": "canvas",
    "theme": "blueradiance",
    "threshold": 4.5,
  },
  {
    "backgroundRole": "action.destructive.container",
    "composedBackground": "#c62828",
    "composedForeground": "#ffffff",
    "foregroundRole": "action.destructive.ink",
    "kind": "fill-ink",
    "ratio": 5.62,
    "surface": "canvas",
    "theme": "blueradiance",
    "threshold": 4.5,
  },
  {
    "backgroundRole": "state.selected.container",
    "composedBackground": "#00a4dc",
    "composedForeground": "#000000",
    "foregroundRole": "state.selected.ink",
    "kind": "fill-ink",
    "ratio": 7.34,
    "surface": "canvas",
    "theme": "blueradiance",
    "threshold": 4.5,
  },
  {
    "backgroundRole": "state.active.container",
    "composedBackground": "#00a4dc",
    "composedForeground": "#000000",
    "foregroundRole": "state.active.ink",
    "kind": "fill-ink",
    "ratio": 7.34,
    "surface": "canvas",
    "theme": "blueradiance",
    "threshold": 4.5,
  },
  {
    "backgroundRole": "state.locked.container",
    "composedBackground": "#011432",
    "composedForeground": "#eeeeee",
    "foregroundRole": "state.locked.ink",
    "kind": "fill-ink",
    "ratio": 15.77,
    "surface": "canvas",
    "theme": "blueradiance",
    "threshold": 4.5,
  },
  {
    "backgroundRole": "state.restricted.container",
    "composedBackground": "#c62828",
    "composedForeground": "#ffffff",
    "foregroundRole": "state.restricted.ink",
    "kind": "fill-ink",
    "ratio": 5.62,
    "surface": "canvas",
    "theme": "blueradiance",
    "threshold": 4.5,
  },
  {
    "backgroundRole": "state.success.container",
    "composedBackground": "#66bb6a",
    "composedForeground": "#0d180e",
    "foregroundRole": "state.success.ink",
    "kind": "fill-ink",
    "ratio": 7.68,
    "surface": "canvas",
    "theme": "blueradiance",
    "threshold": 4.5,
  },
  {
    "backgroundRole": "state.warning.container",
    "composedBackground": "#ffa726",
    "composedForeground": "#000000",
    "foregroundRole": "state.warning.ink",
    "kind": "fill-ink",
    "ratio": 10.81,
    "surface": "canvas",
    "theme": "blueradiance",
    "threshold": 4.5,
  },
  {
    "backgroundRole": "state.error.container",
    "composedBackground": "#c62828",
    "composedForeground": "#ffffff",
    "foregroundRole": "state.error.ink",
    "kind": "fill-ink",
    "ratio": 5.62,
    "surface": "canvas",
    "theme": "blueradiance",
    "threshold": 4.5,
  },
  {
    "backgroundRole": "surface.canvas",
    "composedBackground": "#033361",
    "composedForeground": "#0ca8dd",
    "foregroundRole": "accent.informative.foreground",
    "kind": "foreground-surface",
    "ratio": 4.64,
    "surface": "canvas",
    "theme": "blueradiance",
    "threshold": 4.5,
  },
  {
    "backgroundRole": "surface.canvas",
    "composedBackground": "#033361",
    "composedForeground": "#eeeeee",
    "foregroundRole": "content.primary",
    "kind": "foreground-surface",
    "ratio": 10.97,
    "surface": "canvas",
    "theme": "blueradiance",
    "threshold": 4.5,
  },
  {
    "backgroundRole": "surface.canvas",
    "composedBackground": "#033361",
    "composedForeground": "#e6ebef",
    "foregroundRole": "content.secondary",
    "kind": "foreground-surface",
    "ratio": 10.57,
    "surface": "canvas",
    "theme": "blueradiance",
    "threshold": 4.5,
  },
  {
    "backgroundRole": "accent.informative.container",
    "composedBackground": "#00a4dc",
    "composedForeground": "#000000",
    "foregroundRole": "accent.informative.ink",
    "kind": "fill-ink",
    "ratio": 7.34,
    "surface": "raised",
    "theme": "blueradiance",
    "threshold": 4.5,
  },
  {
    "backgroundRole": "action.primary.container",
    "composedBackground": "#ffffff",
    "composedForeground": "#000000",
    "foregroundRole": "action.primary.ink",
    "kind": "fill-ink",
    "ratio": 21,
    "surface": "raised",
    "theme": "blueradiance",
    "threshold": 4.5,
  },
  {
    "backgroundRole": "action.secondary.container",
    "composedBackground": "#011432",
    "composedForeground": "#eeeeee",
    "foregroundRole": "action.secondary.ink",
    "kind": "fill-ink",
    "ratio": 15.77,
    "surface": "raised",
    "theme": "blueradiance",
    "threshold": 4.5,
  },
  {
    "backgroundRole": "action.tertiary.container",
    "composedBackground": "#011432",
    "composedForeground": "#eeeeee",
    "foregroundRole": "action.tertiary.ink",
    "kind": "fill-ink",
    "ratio": 15.77,
    "surface": "raised",
    "theme": "blueradiance",
    "threshold": 4.5,
  },
  {
    "backgroundRole": "action.destructive.container",
    "composedBackground": "#c62828",
    "composedForeground": "#ffffff",
    "foregroundRole": "action.destructive.ink",
    "kind": "fill-ink",
    "ratio": 5.62,
    "surface": "raised",
    "theme": "blueradiance",
    "threshold": 4.5,
  },
  {
    "backgroundRole": "state.selected.container",
    "composedBackground": "#00a4dc",
    "composedForeground": "#000000",
    "foregroundRole": "state.selected.ink",
    "kind": "fill-ink",
    "ratio": 7.34,
    "surface": "raised",
    "theme": "blueradiance",
    "threshold": 4.5,
  },
  {
    "backgroundRole": "state.active.container",
    "composedBackground": "#00a4dc",
    "composedForeground": "#000000",
    "foregroundRole": "state.active.ink",
    "kind": "fill-ink",
    "ratio": 7.34,
    "surface": "raised",
    "theme": "blueradiance",
    "threshold": 4.5,
  },
  {
    "backgroundRole": "state.locked.container",
    "composedBackground": "#011432",
    "composedForeground": "#eeeeee",
    "foregroundRole": "state.locked.ink",
    "kind": "fill-ink",
    "ratio": 15.77,
    "surface": "raised",
    "theme": "blueradiance",
    "threshold": 4.5,
  },
  {
    "backgroundRole": "state.restricted.container",
    "composedBackground": "#c62828",
    "composedForeground": "#ffffff",
    "foregroundRole": "state.restricted.ink",
    "kind": "fill-ink",
    "ratio": 5.62,
    "surface": "raised",
    "theme": "blueradiance",
    "threshold": 4.5,
  },
  {
    "backgroundRole": "state.success.container",
    "composedBackground": "#66bb6a",
    "composedForeground": "#0d180e",
    "foregroundRole": "state.success.ink",
    "kind": "fill-ink",
    "ratio": 7.68,
    "surface": "raised",
    "theme": "blueradiance",
    "threshold": 4.5,
  },
  {
    "backgroundRole": "state.warning.container",
    "composedBackground": "#ffa726",
    "composedForeground": "#000000",
    "foregroundRole": "state.warning.ink",
    "kind": "fill-ink",
    "ratio": 10.81,
    "surface": "raised",
    "theme": "blueradiance",
    "threshold": 4.5,
  },
  {
    "backgroundRole": "state.error.container",
    "composedBackground": "#c62828",
    "composedForeground": "#ffffff",
    "foregroundRole": "state.error.ink",
    "kind": "fill-ink",
    "ratio": 5.62,
    "surface": "raised",
    "theme": "blueradiance",
    "threshold": 4.5,
  },
  {
    "backgroundRole": "surface.raised",
    "composedBackground": "#011432",
    "composedForeground": "#0ca8dd",
    "foregroundRole": "accent.informative.foreground",
    "kind": "foreground-surface",
    "ratio": 6.68,
    "surface": "raised",
    "theme": "blueradiance",
    "threshold": 4.5,
  },
  {
    "backgroundRole": "surface.raised",
    "composedBackground": "#011432",
    "composedForeground": "#eeeeee",
    "foregroundRole": "content.primary",
    "kind": "foreground-surface",
    "ratio": 15.77,
    "surface": "raised",
    "theme": "blueradiance",
    "threshold": 4.5,
  },
  {
    "backgroundRole": "surface.raised",
    "composedBackground": "#011432",
    "composedForeground": "#e6e8eb",
    "foregroundRole": "content.secondary",
    "kind": "foreground-surface",
    "ratio": 14.84,
    "surface": "raised",
    "theme": "blueradiance",
    "threshold": 4.5,
  },
  {
    "backgroundRole": "accent.informative.container",
    "composedBackground": "#00a4dc",
    "composedForeground": "#000000",
    "foregroundRole": "accent.informative.ink",
    "kind": "fill-ink",
    "ratio": 7.34,
    "surface": "overlay",
    "theme": "blueradiance",
    "threshold": 4.5,
  },
  {
    "backgroundRole": "action.primary.container",
    "composedBackground": "#ffffff",
    "composedForeground": "#000000",
    "foregroundRole": "action.primary.ink",
    "kind": "fill-ink",
    "ratio": 21,
    "surface": "overlay",
    "theme": "blueradiance",
    "threshold": 4.5,
  },
  {
    "backgroundRole": "action.secondary.container",
    "composedBackground": "#011432",
    "composedForeground": "#eeeeee",
    "foregroundRole": "action.secondary.ink",
    "kind": "fill-ink",
    "ratio": 15.77,
    "surface": "overlay",
    "theme": "blueradiance",
    "threshold": 4.5,
  },
  {
    "backgroundRole": "action.tertiary.container",
    "composedBackground": "#011432",
    "composedForeground": "#eeeeee",
    "foregroundRole": "action.tertiary.ink",
    "kind": "fill-ink",
    "ratio": 15.77,
    "surface": "overlay",
    "theme": "blueradiance",
    "threshold": 4.5,
  },
  {
    "backgroundRole": "action.destructive.container",
    "composedBackground": "#c62828",
    "composedForeground": "#ffffff",
    "foregroundRole": "action.destructive.ink",
    "kind": "fill-ink",
    "ratio": 5.62,
    "surface": "overlay",
    "theme": "blueradiance",
    "threshold": 4.5,
  },
  {
    "backgroundRole": "state.selected.container",
    "composedBackground": "#00a4dc",
    "composedForeground": "#000000",
    "foregroundRole": "state.selected.ink",
    "kind": "fill-ink",
    "ratio": 7.34,
    "surface": "overlay",
    "theme": "blueradiance",
    "threshold": 4.5,
  },
  {
    "backgroundRole": "state.active.container",
    "composedBackground": "#00a4dc",
    "composedForeground": "#000000",
    "foregroundRole": "state.active.ink",
    "kind": "fill-ink",
    "ratio": 7.34,
    "surface": "overlay",
    "theme": "blueradiance",
    "threshold": 4.5,
  },
  {
    "backgroundRole": "state.locked.container",
    "composedBackground": "#011432",
    "composedForeground": "#eeeeee",
    "foregroundRole": "state.locked.ink",
    "kind": "fill-ink",
    "ratio": 15.77,
    "surface": "overlay",
    "theme": "blueradiance",
    "threshold": 4.5,
  },
  {
    "backgroundRole": "state.restricted.container",
    "composedBackground": "#c62828",
    "composedForeground": "#ffffff",
    "foregroundRole": "state.restricted.ink",
    "kind": "fill-ink",
    "ratio": 5.62,
    "surface": "overlay",
    "theme": "blueradiance",
    "threshold": 4.5,
  },
  {
    "backgroundRole": "state.success.container",
    "composedBackground": "#66bb6a",
    "composedForeground": "#0d180e",
    "foregroundRole": "state.success.ink",
    "kind": "fill-ink",
    "ratio": 7.68,
    "surface": "overlay",
    "theme": "blueradiance",
    "threshold": 4.5,
  },
  {
    "backgroundRole": "state.warning.container",
    "composedBackground": "#ffa726",
    "composedForeground": "#000000",
    "foregroundRole": "state.warning.ink",
    "kind": "fill-ink",
    "ratio": 10.81,
    "surface": "overlay",
    "theme": "blueradiance",
    "threshold": 4.5,
  },
  {
    "backgroundRole": "state.error.container",
    "composedBackground": "#c62828",
    "composedForeground": "#ffffff",
    "foregroundRole": "state.error.ink",
    "kind": "fill-ink",
    "ratio": 5.62,
    "surface": "overlay",
    "theme": "blueradiance",
    "threshold": 4.5,
  },
  {
    "backgroundRole": "surface.overlay",
    "composedBackground": "#011432",
    "composedForeground": "#0ca8dd",
    "foregroundRole": "accent.informative.foreground",
    "kind": "foreground-surface",
    "ratio": 6.68,
    "surface": "overlay",
    "theme": "blueradiance",
    "threshold": 4.5,
  },
  {
    "backgroundRole": "surface.overlay",
    "composedBackground": "#011432",
    "composedForeground": "#eeeeee",
    "foregroundRole": "content.primary",
    "kind": "foreground-surface",
    "ratio": 15.77,
    "surface": "overlay",
    "theme": "blueradiance",
    "threshold": 4.5,
  },
  {
    "backgroundRole": "surface.overlay",
    "composedBackground": "#011432",
    "composedForeground": "#e6e8eb",
    "foregroundRole": "content.secondary",
    "kind": "foreground-surface",
    "ratio": 14.84,
    "surface": "overlay",
    "theme": "blueradiance",
    "threshold": 4.5,
  },
  {
    "backgroundRole": "accent.informative.container",
    "composedBackground": "#00a4dc",
    "composedForeground": "#000000",
    "foregroundRole": "accent.informative.ink",
    "kind": "fill-ink",
    "ratio": 7.34,
    "surface": "canvas",
    "theme": "dark",
    "threshold": 4.5,
  },
  {
    "backgroundRole": "action.primary.container",
    "composedBackground": "#ffffff",
    "composedForeground": "#000000",
    "foregroundRole": "action.primary.ink",
    "kind": "fill-ink",
    "ratio": 21,
    "surface": "canvas",
    "theme": "dark",
    "threshold": 4.5,
  },
  {
    "backgroundRole": "action.secondary.container",
    "composedBackground": "#202020",
    "composedForeground": "#ffffff",
    "foregroundRole": "action.secondary.ink",
    "kind": "fill-ink",
    "ratio": 16.29,
    "surface": "canvas",
    "theme": "dark",
    "threshold": 4.5,
  },
  {
    "backgroundRole": "action.tertiary.container",
    "composedBackground": "#101010",
    "composedForeground": "#ffffff",
    "foregroundRole": "action.tertiary.ink",
    "kind": "fill-ink",
    "ratio": 19.03,
    "surface": "canvas",
    "theme": "dark",
    "threshold": 4.5,
  },
  {
    "backgroundRole": "action.destructive.container",
    "composedBackground": "#c62828",
    "composedForeground": "#ffffff",
    "foregroundRole": "action.destructive.ink",
    "kind": "fill-ink",
    "ratio": 5.62,
    "surface": "canvas",
    "theme": "dark",
    "threshold": 4.5,
  },
  {
    "backgroundRole": "state.selected.container",
    "composedBackground": "#00a4dc",
    "composedForeground": "#000000",
    "foregroundRole": "state.selected.ink",
    "kind": "fill-ink",
    "ratio": 7.34,
    "surface": "canvas",
    "theme": "dark",
    "threshold": 4.5,
  },
  {
    "backgroundRole": "state.active.container",
    "composedBackground": "#00a4dc",
    "composedForeground": "#000000",
    "foregroundRole": "state.active.ink",
    "kind": "fill-ink",
    "ratio": 7.34,
    "surface": "canvas",
    "theme": "dark",
    "threshold": 4.5,
  },
  {
    "backgroundRole": "state.locked.container",
    "composedBackground": "#202020",
    "composedForeground": "#ffffff",
    "foregroundRole": "state.locked.ink",
    "kind": "fill-ink",
    "ratio": 16.29,
    "surface": "canvas",
    "theme": "dark",
    "threshold": 4.5,
  },
  {
    "backgroundRole": "state.restricted.container",
    "composedBackground": "#c62828",
    "composedForeground": "#ffffff",
    "foregroundRole": "state.restricted.ink",
    "kind": "fill-ink",
    "ratio": 5.62,
    "surface": "canvas",
    "theme": "dark",
    "threshold": 4.5,
  },
  {
    "backgroundRole": "state.success.container",
    "composedBackground": "#66bb6a",
    "composedForeground": "#0d180e",
    "foregroundRole": "state.success.ink",
    "kind": "fill-ink",
    "ratio": 7.68,
    "surface": "canvas",
    "theme": "dark",
    "threshold": 4.5,
  },
  {
    "backgroundRole": "state.warning.container",
    "composedBackground": "#ffa726",
    "composedForeground": "#000000",
    "foregroundRole": "state.warning.ink",
    "kind": "fill-ink",
    "ratio": 10.81,
    "surface": "canvas",
    "theme": "dark",
    "threshold": 4.5,
  },
  {
    "backgroundRole": "state.error.container",
    "composedBackground": "#c62828",
    "composedForeground": "#ffffff",
    "foregroundRole": "state.error.ink",
    "kind": "fill-ink",
    "ratio": 5.62,
    "surface": "canvas",
    "theme": "dark",
    "threshold": 4.5,
  },
  {
    "backgroundRole": "surface.canvas",
    "composedBackground": "#101010",
    "composedForeground": "#00a4dc",
    "foregroundRole": "accent.informative.foreground",
    "kind": "foreground-surface",
    "ratio": 6.65,
    "surface": "canvas",
    "theme": "dark",
    "threshold": 4.5,
  },
  {
    "backgroundRole": "surface.canvas",
    "composedBackground": "#101010",
    "composedForeground": "#ffffff",
    "foregroundRole": "content.primary",
    "kind": "foreground-surface",
    "ratio": 19.03,
    "surface": "canvas",
    "theme": "dark",
    "threshold": 4.5,
  },
  {
    "backgroundRole": "surface.canvas",
    "composedBackground": "#101010",
    "composedForeground": "#b7b7b7",
    "foregroundRole": "content.secondary",
    "kind": "foreground-surface",
    "ratio": 9.52,
    "surface": "canvas",
    "theme": "dark",
    "threshold": 4.5,
  },
  {
    "backgroundRole": "accent.informative.container",
    "composedBackground": "#00a4dc",
    "composedForeground": "#000000",
    "foregroundRole": "accent.informative.ink",
    "kind": "fill-ink",
    "ratio": 7.34,
    "surface": "raised",
    "theme": "dark",
    "threshold": 4.5,
  },
  {
    "backgroundRole": "action.primary.container",
    "composedBackground": "#ffffff",
    "composedForeground": "#000000",
    "foregroundRole": "action.primary.ink",
    "kind": "fill-ink",
    "ratio": 21,
    "surface": "raised",
    "theme": "dark",
    "threshold": 4.5,
  },
  {
    "backgroundRole": "action.secondary.container",
    "composedBackground": "#202020",
    "composedForeground": "#ffffff",
    "foregroundRole": "action.secondary.ink",
    "kind": "fill-ink",
    "ratio": 16.29,
    "surface": "raised",
    "theme": "dark",
    "threshold": 4.5,
  },
  {
    "backgroundRole": "action.tertiary.container",
    "composedBackground": "#202020",
    "composedForeground": "#ffffff",
    "foregroundRole": "action.tertiary.ink",
    "kind": "fill-ink",
    "ratio": 16.29,
    "surface": "raised",
    "theme": "dark",
    "threshold": 4.5,
  },
  {
    "backgroundRole": "action.destructive.container",
    "composedBackground": "#c62828",
    "composedForeground": "#ffffff",
    "foregroundRole": "action.destructive.ink",
    "kind": "fill-ink",
    "ratio": 5.62,
    "surface": "raised",
    "theme": "dark",
    "threshold": 4.5,
  },
  {
    "backgroundRole": "state.selected.container",
    "composedBackground": "#00a4dc",
    "composedForeground": "#000000",
    "foregroundRole": "state.selected.ink",
    "kind": "fill-ink",
    "ratio": 7.34,
    "surface": "raised",
    "theme": "dark",
    "threshold": 4.5,
  },
  {
    "backgroundRole": "state.active.container",
    "composedBackground": "#00a4dc",
    "composedForeground": "#000000",
    "foregroundRole": "state.active.ink",
    "kind": "fill-ink",
    "ratio": 7.34,
    "surface": "raised",
    "theme": "dark",
    "threshold": 4.5,
  },
  {
    "backgroundRole": "state.locked.container",
    "composedBackground": "#202020",
    "composedForeground": "#ffffff",
    "foregroundRole": "state.locked.ink",
    "kind": "fill-ink",
    "ratio": 16.29,
    "surface": "raised",
    "theme": "dark",
    "threshold": 4.5,
  },
  {
    "backgroundRole": "state.restricted.container",
    "composedBackground": "#c62828",
    "composedForeground": "#ffffff",
    "foregroundRole": "state.restricted.ink",
    "kind": "fill-ink",
    "ratio": 5.62,
    "surface": "raised",
    "theme": "dark",
    "threshold": 4.5,
  },
  {
    "backgroundRole": "state.success.container",
    "composedBackground": "#66bb6a",
    "composedForeground": "#0d180e",
    "foregroundRole": "state.success.ink",
    "kind": "fill-ink",
    "ratio": 7.68,
    "surface": "raised",
    "theme": "dark",
    "threshold": 4.5,
  },
  {
    "backgroundRole": "state.warning.container",
    "composedBackground": "#ffa726",
    "composedForeground": "#000000",
    "foregroundRole": "state.warning.ink",
    "kind": "fill-ink",
    "ratio": 10.81,
    "surface": "raised",
    "theme": "dark",
    "threshold": 4.5,
  },
  {
    "backgroundRole": "state.error.container",
    "composedBackground": "#c62828",
    "composedForeground": "#ffffff",
    "foregroundRole": "state.error.ink",
    "kind": "fill-ink",
    "ratio": 5.62,
    "surface": "raised",
    "theme": "dark",
    "threshold": 4.5,
  },
  {
    "backgroundRole": "surface.raised",
    "composedBackground": "#202020",
    "composedForeground": "#00a4dc",
    "foregroundRole": "accent.informative.foreground",
    "kind": "foreground-surface",
    "ratio": 5.7,
    "surface": "raised",
    "theme": "dark",
    "threshold": 4.5,
  },
  {
    "backgroundRole": "surface.raised",
    "composedBackground": "#202020",
    "composedForeground": "#ffffff",
    "foregroundRole": "content.primary",
    "kind": "foreground-surface",
    "ratio": 16.29,
    "surface": "raised",
    "theme": "dark",
    "threshold": 4.5,
  },
  {
    "backgroundRole": "surface.raised",
    "composedBackground": "#202020",
    "composedForeground": "#bcbcbc",
    "foregroundRole": "content.secondary",
    "kind": "foreground-surface",
    "ratio": 8.59,
    "surface": "raised",
    "theme": "dark",
    "threshold": 4.5,
  },
  {
    "backgroundRole": "accent.informative.container",
    "composedBackground": "#00a4dc",
    "composedForeground": "#000000",
    "foregroundRole": "accent.informative.ink",
    "kind": "fill-ink",
    "ratio": 7.34,
    "surface": "overlay",
    "theme": "dark",
    "threshold": 4.5,
  },
  {
    "backgroundRole": "action.primary.container",
    "composedBackground": "#ffffff",
    "composedForeground": "#000000",
    "foregroundRole": "action.primary.ink",
    "kind": "fill-ink",
    "ratio": 21,
    "surface": "overlay",
    "theme": "dark",
    "threshold": 4.5,
  },
  {
    "backgroundRole": "action.secondary.container",
    "composedBackground": "#202020",
    "composedForeground": "#ffffff",
    "foregroundRole": "action.secondary.ink",
    "kind": "fill-ink",
    "ratio": 16.29,
    "surface": "overlay",
    "theme": "dark",
    "threshold": 4.5,
  },
  {
    "backgroundRole": "action.tertiary.container",
    "composedBackground": "#202020",
    "composedForeground": "#ffffff",
    "foregroundRole": "action.tertiary.ink",
    "kind": "fill-ink",
    "ratio": 16.29,
    "surface": "overlay",
    "theme": "dark",
    "threshold": 4.5,
  },
  {
    "backgroundRole": "action.destructive.container",
    "composedBackground": "#c62828",
    "composedForeground": "#ffffff",
    "foregroundRole": "action.destructive.ink",
    "kind": "fill-ink",
    "ratio": 5.62,
    "surface": "overlay",
    "theme": "dark",
    "threshold": 4.5,
  },
  {
    "backgroundRole": "state.selected.container",
    "composedBackground": "#00a4dc",
    "composedForeground": "#000000",
    "foregroundRole": "state.selected.ink",
    "kind": "fill-ink",
    "ratio": 7.34,
    "surface": "overlay",
    "theme": "dark",
    "threshold": 4.5,
  },
  {
    "backgroundRole": "state.active.container",
    "composedBackground": "#00a4dc",
    "composedForeground": "#000000",
    "foregroundRole": "state.active.ink",
    "kind": "fill-ink",
    "ratio": 7.34,
    "surface": "overlay",
    "theme": "dark",
    "threshold": 4.5,
  },
  {
    "backgroundRole": "state.locked.container",
    "composedBackground": "#202020",
    "composedForeground": "#ffffff",
    "foregroundRole": "state.locked.ink",
    "kind": "fill-ink",
    "ratio": 16.29,
    "surface": "overlay",
    "theme": "dark",
    "threshold": 4.5,
  },
  {
    "backgroundRole": "state.restricted.container",
    "composedBackground": "#c62828",
    "composedForeground": "#ffffff",
    "foregroundRole": "state.restricted.ink",
    "kind": "fill-ink",
    "ratio": 5.62,
    "surface": "overlay",
    "theme": "dark",
    "threshold": 4.5,
  },
  {
    "backgroundRole": "state.success.container",
    "composedBackground": "#66bb6a",
    "composedForeground": "#0d180e",
    "foregroundRole": "state.success.ink",
    "kind": "fill-ink",
    "ratio": 7.68,
    "surface": "overlay",
    "theme": "dark",
    "threshold": 4.5,
  },
  {
    "backgroundRole": "state.warning.container",
    "composedBackground": "#ffa726",
    "composedForeground": "#000000",
    "foregroundRole": "state.warning.ink",
    "kind": "fill-ink",
    "ratio": 10.81,
    "surface": "overlay",
    "theme": "dark",
    "threshold": 4.5,
  },
  {
    "backgroundRole": "state.error.container",
    "composedBackground": "#c62828",
    "composedForeground": "#ffffff",
    "foregroundRole": "state.error.ink",
    "kind": "fill-ink",
    "ratio": 5.62,
    "surface": "overlay",
    "theme": "dark",
    "threshold": 4.5,
  },
  {
    "backgroundRole": "surface.overlay",
    "composedBackground": "#202020",
    "composedForeground": "#00a4dc",
    "foregroundRole": "accent.informative.foreground",
    "kind": "foreground-surface",
    "ratio": 5.7,
    "surface": "overlay",
    "theme": "dark",
    "threshold": 4.5,
  },
  {
    "backgroundRole": "surface.overlay",
    "composedBackground": "#202020",
    "composedForeground": "#ffffff",
    "foregroundRole": "content.primary",
    "kind": "foreground-surface",
    "ratio": 16.29,
    "surface": "overlay",
    "theme": "dark",
    "threshold": 4.5,
  },
  {
    "backgroundRole": "surface.overlay",
    "composedBackground": "#202020",
    "composedForeground": "#bcbcbc",
    "foregroundRole": "content.secondary",
    "kind": "foreground-surface",
    "ratio": 8.59,
    "surface": "overlay",
    "theme": "dark",
    "threshold": 4.5,
  },
  {
    "backgroundRole": "accent.informative.container",
    "composedBackground": "#00a4dc",
    "composedForeground": "#000000",
    "foregroundRole": "accent.informative.ink",
    "kind": "fill-ink",
    "ratio": 7.34,
    "surface": "canvas",
    "theme": "light",
    "threshold": 4.5,
  },
  {
    "backgroundRole": "action.primary.container",
    "composedBackground": "#000000",
    "composedForeground": "#ffffff",
    "foregroundRole": "action.primary.ink",
    "kind": "fill-ink",
    "ratio": 21,
    "surface": "canvas",
    "theme": "light",
    "threshold": 4.5,
  },
  {
    "backgroundRole": "action.secondary.container",
    "composedBackground": "#e8e8e8",
    "composedForeground": "#000000",
    "foregroundRole": "action.secondary.ink",
    "kind": "fill-ink",
    "ratio": 17.14,
    "surface": "canvas",
    "theme": "light",
    "threshold": 4.5,
  },
  {
    "backgroundRole": "action.tertiary.container",
    "composedBackground": "#f2f2f2",
    "composedForeground": "#000000",
    "foregroundRole": "action.tertiary.ink",
    "kind": "fill-ink",
    "ratio": 18.76,
    "surface": "canvas",
    "theme": "light",
    "threshold": 4.5,
  },
  {
    "backgroundRole": "action.destructive.container",
    "composedBackground": "#c62828",
    "composedForeground": "#ffffff",
    "foregroundRole": "action.destructive.ink",
    "kind": "fill-ink",
    "ratio": 5.62,
    "surface": "canvas",
    "theme": "light",
    "threshold": 4.5,
  },
  {
    "backgroundRole": "state.selected.container",
    "composedBackground": "#00a4dc",
    "composedForeground": "#000000",
    "foregroundRole": "state.selected.ink",
    "kind": "fill-ink",
    "ratio": 7.34,
    "surface": "canvas",
    "theme": "light",
    "threshold": 4.5,
  },
  {
    "backgroundRole": "state.active.container",
    "composedBackground": "#00a4dc",
    "composedForeground": "#000000",
    "foregroundRole": "state.active.ink",
    "kind": "fill-ink",
    "ratio": 7.34,
    "surface": "canvas",
    "theme": "light",
    "threshold": 4.5,
  },
  {
    "backgroundRole": "state.locked.container",
    "composedBackground": "#e8e8e8",
    "composedForeground": "#000000",
    "foregroundRole": "state.locked.ink",
    "kind": "fill-ink",
    "ratio": 17.14,
    "surface": "canvas",
    "theme": "light",
    "threshold": 4.5,
  },
  {
    "backgroundRole": "state.restricted.container",
    "composedBackground": "#c62828",
    "composedForeground": "#ffffff",
    "foregroundRole": "state.restricted.ink",
    "kind": "fill-ink",
    "ratio": 5.62,
    "surface": "canvas",
    "theme": "light",
    "threshold": 4.5,
  },
  {
    "backgroundRole": "state.success.container",
    "composedBackground": "#2e7d32",
    "composedForeground": "#ffffff",
    "foregroundRole": "state.success.ink",
    "kind": "fill-ink",
    "ratio": 5.13,
    "surface": "canvas",
    "theme": "light",
    "threshold": 4.5,
  },
  {
    "backgroundRole": "state.warning.container",
    "composedBackground": "#ed6c02",
    "composedForeground": "#000000",
    "foregroundRole": "state.warning.ink",
    "kind": "fill-ink",
    "ratio": 6.75,
    "surface": "canvas",
    "theme": "light",
    "threshold": 4.5,
  },
  {
    "backgroundRole": "state.error.container",
    "composedBackground": "#c62828",
    "composedForeground": "#ffffff",
    "foregroundRole": "state.error.ink",
    "kind": "fill-ink",
    "ratio": 5.62,
    "surface": "canvas",
    "theme": "light",
    "threshold": 4.5,
  },
  {
    "backgroundRole": "surface.canvas",
    "composedBackground": "#f2f2f2",
    "composedForeground": "#006f95",
    "foregroundRole": "accent.informative.foreground",
    "kind": "foreground-surface",
    "ratio": 5.06,
    "surface": "canvas",
    "theme": "light",
    "threshold": 4.5,
  },
  {
    "backgroundRole": "surface.canvas",
    "composedBackground": "#f2f2f2",
    "composedForeground": "#000000",
    "foregroundRole": "content.primary",
    "kind": "foreground-surface",
    "ratio": 18.76,
    "surface": "canvas",
    "theme": "light",
    "threshold": 4.5,
  },
  {
    "backgroundRole": "surface.canvas",
    "composedBackground": "#f2f2f2",
    "composedForeground": "#1f1f1f",
    "foregroundRole": "content.secondary",
    "kind": "foreground-surface",
    "ratio": 14.65,
    "surface": "canvas",
    "theme": "light",
    "threshold": 4.5,
  },
  {
    "backgroundRole": "accent.informative.container",
    "composedBackground": "#00a4dc",
    "composedForeground": "#000000",
    "foregroundRole": "accent.informative.ink",
    "kind": "fill-ink",
    "ratio": 7.34,
    "surface": "raised",
    "theme": "light",
    "threshold": 4.5,
  },
  {
    "backgroundRole": "action.primary.container",
    "composedBackground": "#000000",
    "composedForeground": "#ffffff",
    "foregroundRole": "action.primary.ink",
    "kind": "fill-ink",
    "ratio": 21,
    "surface": "raised",
    "theme": "light",
    "threshold": 4.5,
  },
  {
    "backgroundRole": "action.secondary.container",
    "composedBackground": "#e8e8e8",
    "composedForeground": "#000000",
    "foregroundRole": "action.secondary.ink",
    "kind": "fill-ink",
    "ratio": 17.14,
    "surface": "raised",
    "theme": "light",
    "threshold": 4.5,
  },
  {
    "backgroundRole": "action.tertiary.container",
    "composedBackground": "#e8e8e8",
    "composedForeground": "#000000",
    "foregroundRole": "action.tertiary.ink",
    "kind": "fill-ink",
    "ratio": 17.14,
    "surface": "raised",
    "theme": "light",
    "threshold": 4.5,
  },
  {
    "backgroundRole": "action.destructive.container",
    "composedBackground": "#c62828",
    "composedForeground": "#ffffff",
    "foregroundRole": "action.destructive.ink",
    "kind": "fill-ink",
    "ratio": 5.62,
    "surface": "raised",
    "theme": "light",
    "threshold": 4.5,
  },
  {
    "backgroundRole": "state.selected.container",
    "composedBackground": "#00a4dc",
    "composedForeground": "#000000",
    "foregroundRole": "state.selected.ink",
    "kind": "fill-ink",
    "ratio": 7.34,
    "surface": "raised",
    "theme": "light",
    "threshold": 4.5,
  },
  {
    "backgroundRole": "state.active.container",
    "composedBackground": "#00a4dc",
    "composedForeground": "#000000",
    "foregroundRole": "state.active.ink",
    "kind": "fill-ink",
    "ratio": 7.34,
    "surface": "raised",
    "theme": "light",
    "threshold": 4.5,
  },
  {
    "backgroundRole": "state.locked.container",
    "composedBackground": "#e8e8e8",
    "composedForeground": "#000000",
    "foregroundRole": "state.locked.ink",
    "kind": "fill-ink",
    "ratio": 17.14,
    "surface": "raised",
    "theme": "light",
    "threshold": 4.5,
  },
  {
    "backgroundRole": "state.restricted.container",
    "composedBackground": "#c62828",
    "composedForeground": "#ffffff",
    "foregroundRole": "state.restricted.ink",
    "kind": "fill-ink",
    "ratio": 5.62,
    "surface": "raised",
    "theme": "light",
    "threshold": 4.5,
  },
  {
    "backgroundRole": "state.success.container",
    "composedBackground": "#2e7d32",
    "composedForeground": "#ffffff",
    "foregroundRole": "state.success.ink",
    "kind": "fill-ink",
    "ratio": 5.13,
    "surface": "raised",
    "theme": "light",
    "threshold": 4.5,
  },
  {
    "backgroundRole": "state.warning.container",
    "composedBackground": "#ed6c02",
    "composedForeground": "#000000",
    "foregroundRole": "state.warning.ink",
    "kind": "fill-ink",
    "ratio": 6.75,
    "surface": "raised",
    "theme": "light",
    "threshold": 4.5,
  },
  {
    "backgroundRole": "state.error.container",
    "composedBackground": "#c62828",
    "composedForeground": "#ffffff",
    "foregroundRole": "state.error.ink",
    "kind": "fill-ink",
    "ratio": 5.62,
    "surface": "raised",
    "theme": "light",
    "threshold": 4.5,
  },
  {
    "backgroundRole": "surface.raised",
    "composedBackground": "#e8e8e8",
    "composedForeground": "#006f95",
    "foregroundRole": "accent.informative.foreground",
    "kind": "foreground-surface",
    "ratio": 4.62,
    "surface": "raised",
    "theme": "light",
    "threshold": 4.5,
  },
  {
    "backgroundRole": "surface.raised",
    "composedBackground": "#e8e8e8",
    "composedForeground": "#000000",
    "foregroundRole": "content.primary",
    "kind": "foreground-surface",
    "ratio": 17.14,
    "surface": "raised",
    "theme": "light",
    "threshold": 4.5,
  },
  {
    "backgroundRole": "surface.raised",
    "composedBackground": "#e8e8e8",
    "composedForeground": "#1e1e1e",
    "foregroundRole": "content.secondary",
    "kind": "foreground-surface",
    "ratio": 13.58,
    "surface": "raised",
    "theme": "light",
    "threshold": 4.5,
  },
  {
    "backgroundRole": "accent.informative.container",
    "composedBackground": "#00a4dc",
    "composedForeground": "#000000",
    "foregroundRole": "accent.informative.ink",
    "kind": "fill-ink",
    "ratio": 7.34,
    "surface": "overlay",
    "theme": "light",
    "threshold": 4.5,
  },
  {
    "backgroundRole": "action.primary.container",
    "composedBackground": "#000000",
    "composedForeground": "#ffffff",
    "foregroundRole": "action.primary.ink",
    "kind": "fill-ink",
    "ratio": 21,
    "surface": "overlay",
    "theme": "light",
    "threshold": 4.5,
  },
  {
    "backgroundRole": "action.secondary.container",
    "composedBackground": "#e8e8e8",
    "composedForeground": "#000000",
    "foregroundRole": "action.secondary.ink",
    "kind": "fill-ink",
    "ratio": 17.14,
    "surface": "overlay",
    "theme": "light",
    "threshold": 4.5,
  },
  {
    "backgroundRole": "action.tertiary.container",
    "composedBackground": "#e8e8e8",
    "composedForeground": "#000000",
    "foregroundRole": "action.tertiary.ink",
    "kind": "fill-ink",
    "ratio": 17.14,
    "surface": "overlay",
    "theme": "light",
    "threshold": 4.5,
  },
  {
    "backgroundRole": "action.destructive.container",
    "composedBackground": "#c62828",
    "composedForeground": "#ffffff",
    "foregroundRole": "action.destructive.ink",
    "kind": "fill-ink",
    "ratio": 5.62,
    "surface": "overlay",
    "theme": "light",
    "threshold": 4.5,
  },
  {
    "backgroundRole": "state.selected.container",
    "composedBackground": "#00a4dc",
    "composedForeground": "#000000",
    "foregroundRole": "state.selected.ink",
    "kind": "fill-ink",
    "ratio": 7.34,
    "surface": "overlay",
    "theme": "light",
    "threshold": 4.5,
  },
  {
    "backgroundRole": "state.active.container",
    "composedBackground": "#00a4dc",
    "composedForeground": "#000000",
    "foregroundRole": "state.active.ink",
    "kind": "fill-ink",
    "ratio": 7.34,
    "surface": "overlay",
    "theme": "light",
    "threshold": 4.5,
  },
  {
    "backgroundRole": "state.locked.container",
    "composedBackground": "#e8e8e8",
    "composedForeground": "#000000",
    "foregroundRole": "state.locked.ink",
    "kind": "fill-ink",
    "ratio": 17.14,
    "surface": "overlay",
    "theme": "light",
    "threshold": 4.5,
  },
  {
    "backgroundRole": "state.restricted.container",
    "composedBackground": "#c62828",
    "composedForeground": "#ffffff",
    "foregroundRole": "state.restricted.ink",
    "kind": "fill-ink",
    "ratio": 5.62,
    "surface": "overlay",
    "theme": "light",
    "threshold": 4.5,
  },
  {
    "backgroundRole": "state.success.container",
    "composedBackground": "#2e7d32",
    "composedForeground": "#ffffff",
    "foregroundRole": "state.success.ink",
    "kind": "fill-ink",
    "ratio": 5.13,
    "surface": "overlay",
    "theme": "light",
    "threshold": 4.5,
  },
  {
    "backgroundRole": "state.warning.container",
    "composedBackground": "#ed6c02",
    "composedForeground": "#000000",
    "foregroundRole": "state.warning.ink",
    "kind": "fill-ink",
    "ratio": 6.75,
    "surface": "overlay",
    "theme": "light",
    "threshold": 4.5,
  },
  {
    "backgroundRole": "state.error.container",
    "composedBackground": "#c62828",
    "composedForeground": "#ffffff",
    "foregroundRole": "state.error.ink",
    "kind": "fill-ink",
    "ratio": 5.62,
    "surface": "overlay",
    "theme": "light",
    "threshold": 4.5,
  },
  {
    "backgroundRole": "surface.overlay",
    "composedBackground": "#e8e8e8",
    "composedForeground": "#006f95",
    "foregroundRole": "accent.informative.foreground",
    "kind": "foreground-surface",
    "ratio": 4.62,
    "surface": "overlay",
    "theme": "light",
    "threshold": 4.5,
  },
  {
    "backgroundRole": "surface.overlay",
    "composedBackground": "#e8e8e8",
    "composedForeground": "#000000",
    "foregroundRole": "content.primary",
    "kind": "foreground-surface",
    "ratio": 17.14,
    "surface": "overlay",
    "theme": "light",
    "threshold": 4.5,
  },
  {
    "backgroundRole": "surface.overlay",
    "composedBackground": "#e8e8e8",
    "composedForeground": "#1e1e1e",
    "foregroundRole": "content.secondary",
    "kind": "foreground-surface",
    "ratio": 13.58,
    "surface": "overlay",
    "theme": "light",
    "threshold": 4.5,
  },
  {
    "backgroundRole": "accent.informative.container",
    "composedBackground": "#48c3c8",
    "composedForeground": "#000000",
    "foregroundRole": "accent.informative.ink",
    "kind": "fill-ink",
    "ratio": 9.92,
    "surface": "canvas",
    "theme": "purplehaze",
    "threshold": 4.5,
  },
  {
    "backgroundRole": "action.primary.container",
    "composedBackground": "#ffffff",
    "composedForeground": "#000000",
    "foregroundRole": "action.primary.ink",
    "kind": "fill-ink",
    "ratio": 21,
    "surface": "canvas",
    "theme": "purplehaze",
    "threshold": 4.5,
  },
  {
    "backgroundRole": "action.secondary.container",
    "composedBackground": "#000420",
    "composedForeground": "#ffffff",
    "foregroundRole": "action.secondary.ink",
    "kind": "fill-ink",
    "ratio": 20.23,
    "surface": "canvas",
    "theme": "purplehaze",
    "threshold": 4.5,
  },
  {
    "backgroundRole": "action.tertiary.container",
    "composedBackground": "#101010",
    "composedForeground": "#ffffff",
    "foregroundRole": "action.tertiary.ink",
    "kind": "fill-ink",
    "ratio": 19.03,
    "surface": "canvas",
    "theme": "purplehaze",
    "threshold": 4.5,
  },
  {
    "backgroundRole": "action.destructive.container",
    "composedBackground": "#c62828",
    "composedForeground": "#ffffff",
    "foregroundRole": "action.destructive.ink",
    "kind": "fill-ink",
    "ratio": 5.62,
    "surface": "canvas",
    "theme": "purplehaze",
    "threshold": 4.5,
  },
  {
    "backgroundRole": "state.selected.container",
    "composedBackground": "#48c3c8",
    "composedForeground": "#000000",
    "foregroundRole": "state.selected.ink",
    "kind": "fill-ink",
    "ratio": 9.92,
    "surface": "canvas",
    "theme": "purplehaze",
    "threshold": 4.5,
  },
  {
    "backgroundRole": "state.active.container",
    "composedBackground": "#48c3c8",
    "composedForeground": "#000000",
    "foregroundRole": "state.active.ink",
    "kind": "fill-ink",
    "ratio": 9.92,
    "surface": "canvas",
    "theme": "purplehaze",
    "threshold": 4.5,
  },
  {
    "backgroundRole": "state.locked.container",
    "composedBackground": "#000420",
    "composedForeground": "#ffffff",
    "foregroundRole": "state.locked.ink",
    "kind": "fill-ink",
    "ratio": 20.23,
    "surface": "canvas",
    "theme": "purplehaze",
    "threshold": 4.5,
  },
  {
    "backgroundRole": "state.restricted.container",
    "composedBackground": "#c62828",
    "composedForeground": "#ffffff",
    "foregroundRole": "state.restricted.ink",
    "kind": "fill-ink",
    "ratio": 5.62,
    "surface": "canvas",
    "theme": "purplehaze",
    "threshold": 4.5,
  },
  {
    "backgroundRole": "state.success.container",
    "composedBackground": "#66bb6a",
    "composedForeground": "#0d180e",
    "foregroundRole": "state.success.ink",
    "kind": "fill-ink",
    "ratio": 7.68,
    "surface": "canvas",
    "theme": "purplehaze",
    "threshold": 4.5,
  },
  {
    "backgroundRole": "state.warning.container",
    "composedBackground": "#ffa726",
    "composedForeground": "#000000",
    "foregroundRole": "state.warning.ink",
    "kind": "fill-ink",
    "ratio": 10.81,
    "surface": "canvas",
    "theme": "purplehaze",
    "threshold": 4.5,
  },
  {
    "backgroundRole": "state.error.container",
    "composedBackground": "#c62828",
    "composedForeground": "#ffffff",
    "foregroundRole": "state.error.ink",
    "kind": "fill-ink",
    "ratio": 5.62,
    "surface": "canvas",
    "theme": "purplehaze",
    "threshold": 4.5,
  },
  {
    "backgroundRole": "surface.canvas",
    "composedBackground": "#101010",
    "composedForeground": "#48c3c8",
    "foregroundRole": "accent.informative.foreground",
    "kind": "foreground-surface",
    "ratio": 8.98,
    "surface": "canvas",
    "theme": "purplehaze",
    "threshold": 4.5,
  },
  {
    "backgroundRole": "surface.canvas",
    "composedBackground": "#101010",
    "composedForeground": "#ffffff",
    "foregroundRole": "content.primary",
    "kind": "foreground-surface",
    "ratio": 19.03,
    "surface": "canvas",
    "theme": "purplehaze",
    "threshold": 4.5,
  },
  {
    "backgroundRole": "surface.canvas",
    "composedBackground": "#101010",
    "composedForeground": "#b7b7b7",
    "foregroundRole": "content.secondary",
    "kind": "foreground-surface",
    "ratio": 9.52,
    "surface": "canvas",
    "theme": "purplehaze",
    "threshold": 4.5,
  },
  {
    "backgroundRole": "accent.informative.container",
    "composedBackground": "#48c3c8",
    "composedForeground": "#000000",
    "foregroundRole": "accent.informative.ink",
    "kind": "fill-ink",
    "ratio": 9.92,
    "surface": "raised",
    "theme": "purplehaze",
    "threshold": 4.5,
  },
  {
    "backgroundRole": "action.primary.container",
    "composedBackground": "#ffffff",
    "composedForeground": "#000000",
    "foregroundRole": "action.primary.ink",
    "kind": "fill-ink",
    "ratio": 21,
    "surface": "raised",
    "theme": "purplehaze",
    "threshold": 4.5,
  },
  {
    "backgroundRole": "action.secondary.container",
    "composedBackground": "#000420",
    "composedForeground": "#ffffff",
    "foregroundRole": "action.secondary.ink",
    "kind": "fill-ink",
    "ratio": 20.23,
    "surface": "raised",
    "theme": "purplehaze",
    "threshold": 4.5,
  },
  {
    "backgroundRole": "action.tertiary.container",
    "composedBackground": "#000420",
    "composedForeground": "#ffffff",
    "foregroundRole": "action.tertiary.ink",
    "kind": "fill-ink",
    "ratio": 20.23,
    "surface": "raised",
    "theme": "purplehaze",
    "threshold": 4.5,
  },
  {
    "backgroundRole": "action.destructive.container",
    "composedBackground": "#c62828",
    "composedForeground": "#ffffff",
    "foregroundRole": "action.destructive.ink",
    "kind": "fill-ink",
    "ratio": 5.62,
    "surface": "raised",
    "theme": "purplehaze",
    "threshold": 4.5,
  },
  {
    "backgroundRole": "state.selected.container",
    "composedBackground": "#48c3c8",
    "composedForeground": "#000000",
    "foregroundRole": "state.selected.ink",
    "kind": "fill-ink",
    "ratio": 9.92,
    "surface": "raised",
    "theme": "purplehaze",
    "threshold": 4.5,
  },
  {
    "backgroundRole": "state.active.container",
    "composedBackground": "#48c3c8",
    "composedForeground": "#000000",
    "foregroundRole": "state.active.ink",
    "kind": "fill-ink",
    "ratio": 9.92,
    "surface": "raised",
    "theme": "purplehaze",
    "threshold": 4.5,
  },
  {
    "backgroundRole": "state.locked.container",
    "composedBackground": "#000420",
    "composedForeground": "#ffffff",
    "foregroundRole": "state.locked.ink",
    "kind": "fill-ink",
    "ratio": 20.23,
    "surface": "raised",
    "theme": "purplehaze",
    "threshold": 4.5,
  },
  {
    "backgroundRole": "state.restricted.container",
    "composedBackground": "#c62828",
    "composedForeground": "#ffffff",
    "foregroundRole": "state.restricted.ink",
    "kind": "fill-ink",
    "ratio": 5.62,
    "surface": "raised",
    "theme": "purplehaze",
    "threshold": 4.5,
  },
  {
    "backgroundRole": "state.success.container",
    "composedBackground": "#66bb6a",
    "composedForeground": "#0d180e",
    "foregroundRole": "state.success.ink",
    "kind": "fill-ink",
    "ratio": 7.68,
    "surface": "raised",
    "theme": "purplehaze",
    "threshold": 4.5,
  },
  {
    "backgroundRole": "state.warning.container",
    "composedBackground": "#ffa726",
    "composedForeground": "#000000",
    "foregroundRole": "state.warning.ink",
    "kind": "fill-ink",
    "ratio": 10.81,
    "surface": "raised",
    "theme": "purplehaze",
    "threshold": 4.5,
  },
  {
    "backgroundRole": "state.error.container",
    "composedBackground": "#c62828",
    "composedForeground": "#ffffff",
    "foregroundRole": "state.error.ink",
    "kind": "fill-ink",
    "ratio": 5.62,
    "surface": "raised",
    "theme": "purplehaze",
    "threshold": 4.5,
  },
  {
    "backgroundRole": "surface.raised",
    "composedBackground": "#000420",
    "composedForeground": "#48c3c8",
    "foregroundRole": "accent.informative.foreground",
    "kind": "foreground-surface",
    "ratio": 9.55,
    "surface": "raised",
    "theme": "purplehaze",
    "threshold": 4.5,
  },
  {
    "backgroundRole": "surface.raised",
    "composedBackground": "#000420",
    "composedForeground": "#ffffff",
    "foregroundRole": "content.primary",
    "kind": "foreground-surface",
    "ratio": 20.23,
    "surface": "raised",
    "theme": "purplehaze",
    "threshold": 4.5,
  },
  {
    "backgroundRole": "surface.raised",
    "composedBackground": "#000420",
    "composedForeground": "#b3b4bc",
    "foregroundRole": "content.secondary",
    "kind": "foreground-surface",
    "ratio": 9.76,
    "surface": "raised",
    "theme": "purplehaze",
    "threshold": 4.5,
  },
  {
    "backgroundRole": "accent.informative.container",
    "composedBackground": "#48c3c8",
    "composedForeground": "#000000",
    "foregroundRole": "accent.informative.ink",
    "kind": "fill-ink",
    "ratio": 9.92,
    "surface": "overlay",
    "theme": "purplehaze",
    "threshold": 4.5,
  },
  {
    "backgroundRole": "action.primary.container",
    "composedBackground": "#ffffff",
    "composedForeground": "#000000",
    "foregroundRole": "action.primary.ink",
    "kind": "fill-ink",
    "ratio": 21,
    "surface": "overlay",
    "theme": "purplehaze",
    "threshold": 4.5,
  },
  {
    "backgroundRole": "action.secondary.container",
    "composedBackground": "#000420",
    "composedForeground": "#ffffff",
    "foregroundRole": "action.secondary.ink",
    "kind": "fill-ink",
    "ratio": 20.23,
    "surface": "overlay",
    "theme": "purplehaze",
    "threshold": 4.5,
  },
  {
    "backgroundRole": "action.tertiary.container",
    "composedBackground": "#000420",
    "composedForeground": "#ffffff",
    "foregroundRole": "action.tertiary.ink",
    "kind": "fill-ink",
    "ratio": 20.23,
    "surface": "overlay",
    "theme": "purplehaze",
    "threshold": 4.5,
  },
  {
    "backgroundRole": "action.destructive.container",
    "composedBackground": "#c62828",
    "composedForeground": "#ffffff",
    "foregroundRole": "action.destructive.ink",
    "kind": "fill-ink",
    "ratio": 5.62,
    "surface": "overlay",
    "theme": "purplehaze",
    "threshold": 4.5,
  },
  {
    "backgroundRole": "state.selected.container",
    "composedBackground": "#48c3c8",
    "composedForeground": "#000000",
    "foregroundRole": "state.selected.ink",
    "kind": "fill-ink",
    "ratio": 9.92,
    "surface": "overlay",
    "theme": "purplehaze",
    "threshold": 4.5,
  },
  {
    "backgroundRole": "state.active.container",
    "composedBackground": "#48c3c8",
    "composedForeground": "#000000",
    "foregroundRole": "state.active.ink",
    "kind": "fill-ink",
    "ratio": 9.92,
    "surface": "overlay",
    "theme": "purplehaze",
    "threshold": 4.5,
  },
  {
    "backgroundRole": "state.locked.container",
    "composedBackground": "#000420",
    "composedForeground": "#ffffff",
    "foregroundRole": "state.locked.ink",
    "kind": "fill-ink",
    "ratio": 20.23,
    "surface": "overlay",
    "theme": "purplehaze",
    "threshold": 4.5,
  },
  {
    "backgroundRole": "state.restricted.container",
    "composedBackground": "#c62828",
    "composedForeground": "#ffffff",
    "foregroundRole": "state.restricted.ink",
    "kind": "fill-ink",
    "ratio": 5.62,
    "surface": "overlay",
    "theme": "purplehaze",
    "threshold": 4.5,
  },
  {
    "backgroundRole": "state.success.container",
    "composedBackground": "#66bb6a",
    "composedForeground": "#0d180e",
    "foregroundRole": "state.success.ink",
    "kind": "fill-ink",
    "ratio": 7.68,
    "surface": "overlay",
    "theme": "purplehaze",
    "threshold": 4.5,
  },
  {
    "backgroundRole": "state.warning.container",
    "composedBackground": "#ffa726",
    "composedForeground": "#000000",
    "foregroundRole": "state.warning.ink",
    "kind": "fill-ink",
    "ratio": 10.81,
    "surface": "overlay",
    "theme": "purplehaze",
    "threshold": 4.5,
  },
  {
    "backgroundRole": "state.error.container",
    "composedBackground": "#c62828",
    "composedForeground": "#ffffff",
    "foregroundRole": "state.error.ink",
    "kind": "fill-ink",
    "ratio": 5.62,
    "surface": "overlay",
    "theme": "purplehaze",
    "threshold": 4.5,
  },
  {
    "backgroundRole": "surface.overlay",
    "composedBackground": "#000420",
    "composedForeground": "#48c3c8",
    "foregroundRole": "accent.informative.foreground",
    "kind": "foreground-surface",
    "ratio": 9.55,
    "surface": "overlay",
    "theme": "purplehaze",
    "threshold": 4.5,
  },
  {
    "backgroundRole": "surface.overlay",
    "composedBackground": "#000420",
    "composedForeground": "#ffffff",
    "foregroundRole": "content.primary",
    "kind": "foreground-surface",
    "ratio": 20.23,
    "surface": "overlay",
    "theme": "purplehaze",
    "threshold": 4.5,
  },
  {
    "backgroundRole": "surface.overlay",
    "composedBackground": "#000420",
    "composedForeground": "#b3b4bc",
    "foregroundRole": "content.secondary",
    "kind": "foreground-surface",
    "ratio": 9.76,
    "surface": "overlay",
    "theme": "purplehaze",
    "threshold": 4.5,
  },
  {
    "backgroundRole": "accent.informative.container",
    "composedBackground": "#00a4dc",
    "composedForeground": "#000000",
    "foregroundRole": "accent.informative.ink",
    "kind": "fill-ink",
    "ratio": 7.34,
    "surface": "canvas",
    "theme": "wmc",
    "threshold": 4.5,
  },
  {
    "backgroundRole": "action.primary.container",
    "composedBackground": "#ffffff",
    "composedForeground": "#000000",
    "foregroundRole": "action.primary.ink",
    "kind": "fill-ink",
    "ratio": 21,
    "surface": "canvas",
    "theme": "wmc",
    "threshold": 4.5,
  },
  {
    "backgroundRole": "action.secondary.container",
    "composedBackground": "#0c2450",
    "composedForeground": "#eeeeee",
    "foregroundRole": "action.secondary.ink",
    "kind": "fill-ink",
    "ratio": 13.08,
    "surface": "canvas",
    "theme": "wmc",
    "threshold": 4.5,
  },
  {
    "backgroundRole": "action.tertiary.container",
    "composedBackground": "#0f3562",
    "composedForeground": "#eeeeee",
    "foregroundRole": "action.tertiary.ink",
    "kind": "fill-ink",
    "ratio": 10.61,
    "surface": "canvas",
    "theme": "wmc",
    "threshold": 4.5,
  },
  {
    "backgroundRole": "action.destructive.container",
    "composedBackground": "#c62828",
    "composedForeground": "#ffffff",
    "foregroundRole": "action.destructive.ink",
    "kind": "fill-ink",
    "ratio": 5.62,
    "surface": "canvas",
    "theme": "wmc",
    "threshold": 4.5,
  },
  {
    "backgroundRole": "state.selected.container",
    "composedBackground": "#00a4dc",
    "composedForeground": "#000000",
    "foregroundRole": "state.selected.ink",
    "kind": "fill-ink",
    "ratio": 7.34,
    "surface": "canvas",
    "theme": "wmc",
    "threshold": 4.5,
  },
  {
    "backgroundRole": "state.active.container",
    "composedBackground": "#00a4dc",
    "composedForeground": "#000000",
    "foregroundRole": "state.active.ink",
    "kind": "fill-ink",
    "ratio": 7.34,
    "surface": "canvas",
    "theme": "wmc",
    "threshold": 4.5,
  },
  {
    "backgroundRole": "state.locked.container",
    "composedBackground": "#0c2450",
    "composedForeground": "#eeeeee",
    "foregroundRole": "state.locked.ink",
    "kind": "fill-ink",
    "ratio": 13.08,
    "surface": "canvas",
    "theme": "wmc",
    "threshold": 4.5,
  },
  {
    "backgroundRole": "state.restricted.container",
    "composedBackground": "#c62828",
    "composedForeground": "#ffffff",
    "foregroundRole": "state.restricted.ink",
    "kind": "fill-ink",
    "ratio": 5.62,
    "surface": "canvas",
    "theme": "wmc",
    "threshold": 4.5,
  },
  {
    "backgroundRole": "state.success.container",
    "composedBackground": "#66bb6a",
    "composedForeground": "#0d180e",
    "foregroundRole": "state.success.ink",
    "kind": "fill-ink",
    "ratio": 7.68,
    "surface": "canvas",
    "theme": "wmc",
    "threshold": 4.5,
  },
  {
    "backgroundRole": "state.warning.container",
    "composedBackground": "#ffa726",
    "composedForeground": "#000000",
    "foregroundRole": "state.warning.ink",
    "kind": "fill-ink",
    "ratio": 10.81,
    "surface": "canvas",
    "theme": "wmc",
    "threshold": 4.5,
  },
  {
    "backgroundRole": "state.error.container",
    "composedBackground": "#c62828",
    "composedForeground": "#ffffff",
    "foregroundRole": "state.error.ink",
    "kind": "fill-ink",
    "ratio": 5.62,
    "surface": "canvas",
    "theme": "wmc",
    "threshold": 4.5,
  },
  {
    "backgroundRole": "surface.canvas",
    "composedBackground": "#0f3562",
    "composedForeground": "#11aade",
    "foregroundRole": "accent.informative.foreground",
    "kind": "foreground-surface",
    "ratio": 4.59,
    "surface": "canvas",
    "theme": "wmc",
    "threshold": 4.5,
  },
  {
    "backgroundRole": "surface.canvas",
    "composedBackground": "#0f3562",
    "composedForeground": "#eeeeee",
    "foregroundRole": "content.primary",
    "kind": "foreground-surface",
    "ratio": 10.61,
    "surface": "canvas",
    "theme": "wmc",
    "threshold": 4.5,
  },
  {
    "backgroundRole": "surface.canvas",
    "composedBackground": "#0f3562",
    "composedForeground": "#e7ebef",
    "foregroundRole": "content.secondary",
    "kind": "foreground-surface",
    "ratio": 10.26,
    "surface": "canvas",
    "theme": "wmc",
    "threshold": 4.5,
  },
  {
    "backgroundRole": "accent.informative.container",
    "composedBackground": "#00a4dc",
    "composedForeground": "#000000",
    "foregroundRole": "accent.informative.ink",
    "kind": "fill-ink",
    "ratio": 7.34,
    "surface": "raised",
    "theme": "wmc",
    "threshold": 4.5,
  },
  {
    "backgroundRole": "action.primary.container",
    "composedBackground": "#ffffff",
    "composedForeground": "#000000",
    "foregroundRole": "action.primary.ink",
    "kind": "fill-ink",
    "ratio": 21,
    "surface": "raised",
    "theme": "wmc",
    "threshold": 4.5,
  },
  {
    "backgroundRole": "action.secondary.container",
    "composedBackground": "#0c2450",
    "composedForeground": "#eeeeee",
    "foregroundRole": "action.secondary.ink",
    "kind": "fill-ink",
    "ratio": 13.08,
    "surface": "raised",
    "theme": "wmc",
    "threshold": 4.5,
  },
  {
    "backgroundRole": "action.tertiary.container",
    "composedBackground": "#0c2450",
    "composedForeground": "#eeeeee",
    "foregroundRole": "action.tertiary.ink",
    "kind": "fill-ink",
    "ratio": 13.08,
    "surface": "raised",
    "theme": "wmc",
    "threshold": 4.5,
  },
  {
    "backgroundRole": "action.destructive.container",
    "composedBackground": "#c62828",
    "composedForeground": "#ffffff",
    "foregroundRole": "action.destructive.ink",
    "kind": "fill-ink",
    "ratio": 5.62,
    "surface": "raised",
    "theme": "wmc",
    "threshold": 4.5,
  },
  {
    "backgroundRole": "state.selected.container",
    "composedBackground": "#00a4dc",
    "composedForeground": "#000000",
    "foregroundRole": "state.selected.ink",
    "kind": "fill-ink",
    "ratio": 7.34,
    "surface": "raised",
    "theme": "wmc",
    "threshold": 4.5,
  },
  {
    "backgroundRole": "state.active.container",
    "composedBackground": "#00a4dc",
    "composedForeground": "#000000",
    "foregroundRole": "state.active.ink",
    "kind": "fill-ink",
    "ratio": 7.34,
    "surface": "raised",
    "theme": "wmc",
    "threshold": 4.5,
  },
  {
    "backgroundRole": "state.locked.container",
    "composedBackground": "#0c2450",
    "composedForeground": "#eeeeee",
    "foregroundRole": "state.locked.ink",
    "kind": "fill-ink",
    "ratio": 13.08,
    "surface": "raised",
    "theme": "wmc",
    "threshold": 4.5,
  },
  {
    "backgroundRole": "state.restricted.container",
    "composedBackground": "#c62828",
    "composedForeground": "#ffffff",
    "foregroundRole": "state.restricted.ink",
    "kind": "fill-ink",
    "ratio": 5.62,
    "surface": "raised",
    "theme": "wmc",
    "threshold": 4.5,
  },
  {
    "backgroundRole": "state.success.container",
    "composedBackground": "#66bb6a",
    "composedForeground": "#0d180e",
    "foregroundRole": "state.success.ink",
    "kind": "fill-ink",
    "ratio": 7.68,
    "surface": "raised",
    "theme": "wmc",
    "threshold": 4.5,
  },
  {
    "backgroundRole": "state.warning.container",
    "composedBackground": "#ffa726",
    "composedForeground": "#000000",
    "foregroundRole": "state.warning.ink",
    "kind": "fill-ink",
    "ratio": 10.81,
    "surface": "raised",
    "theme": "wmc",
    "threshold": 4.5,
  },
  {
    "backgroundRole": "state.error.container",
    "composedBackground": "#c62828",
    "composedForeground": "#ffffff",
    "foregroundRole": "state.error.ink",
    "kind": "fill-ink",
    "ratio": 5.62,
    "surface": "raised",
    "theme": "wmc",
    "threshold": 4.5,
  },
  {
    "backgroundRole": "surface.raised",
    "composedBackground": "#0c2450",
    "composedForeground": "#11aade",
    "foregroundRole": "accent.informative.foreground",
    "kind": "foreground-surface",
    "ratio": 5.66,
    "surface": "raised",
    "theme": "wmc",
    "threshold": 4.5,
  },
  {
    "backgroundRole": "surface.raised",
    "composedBackground": "#0c2450",
    "composedForeground": "#eeeeee",
    "foregroundRole": "content.primary",
    "kind": "foreground-surface",
    "ratio": 13.08,
    "surface": "raised",
    "theme": "wmc",
    "threshold": 4.5,
  },
  {
    "backgroundRole": "surface.raised",
    "composedBackground": "#0c2450",
    "composedForeground": "#e7e9ee",
    "foregroundRole": "content.secondary",
    "kind": "foreground-surface",
    "ratio": 12.49,
    "surface": "raised",
    "theme": "wmc",
    "threshold": 4.5,
  },
  {
    "backgroundRole": "accent.informative.container",
    "composedBackground": "#00a4dc",
    "composedForeground": "#000000",
    "foregroundRole": "accent.informative.ink",
    "kind": "fill-ink",
    "ratio": 7.34,
    "surface": "overlay",
    "theme": "wmc",
    "threshold": 4.5,
  },
  {
    "backgroundRole": "action.primary.container",
    "composedBackground": "#ffffff",
    "composedForeground": "#000000",
    "foregroundRole": "action.primary.ink",
    "kind": "fill-ink",
    "ratio": 21,
    "surface": "overlay",
    "theme": "wmc",
    "threshold": 4.5,
  },
  {
    "backgroundRole": "action.secondary.container",
    "composedBackground": "#0c2450",
    "composedForeground": "#eeeeee",
    "foregroundRole": "action.secondary.ink",
    "kind": "fill-ink",
    "ratio": 13.08,
    "surface": "overlay",
    "theme": "wmc",
    "threshold": 4.5,
  },
  {
    "backgroundRole": "action.tertiary.container",
    "composedBackground": "#0c2450",
    "composedForeground": "#eeeeee",
    "foregroundRole": "action.tertiary.ink",
    "kind": "fill-ink",
    "ratio": 13.08,
    "surface": "overlay",
    "theme": "wmc",
    "threshold": 4.5,
  },
  {
    "backgroundRole": "action.destructive.container",
    "composedBackground": "#c62828",
    "composedForeground": "#ffffff",
    "foregroundRole": "action.destructive.ink",
    "kind": "fill-ink",
    "ratio": 5.62,
    "surface": "overlay",
    "theme": "wmc",
    "threshold": 4.5,
  },
  {
    "backgroundRole": "state.selected.container",
    "composedBackground": "#00a4dc",
    "composedForeground": "#000000",
    "foregroundRole": "state.selected.ink",
    "kind": "fill-ink",
    "ratio": 7.34,
    "surface": "overlay",
    "theme": "wmc",
    "threshold": 4.5,
  },
  {
    "backgroundRole": "state.active.container",
    "composedBackground": "#00a4dc",
    "composedForeground": "#000000",
    "foregroundRole": "state.active.ink",
    "kind": "fill-ink",
    "ratio": 7.34,
    "surface": "overlay",
    "theme": "wmc",
    "threshold": 4.5,
  },
  {
    "backgroundRole": "state.locked.container",
    "composedBackground": "#0c2450",
    "composedForeground": "#eeeeee",
    "foregroundRole": "state.locked.ink",
    "kind": "fill-ink",
    "ratio": 13.08,
    "surface": "overlay",
    "theme": "wmc",
    "threshold": 4.5,
  },
  {
    "backgroundRole": "state.restricted.container",
    "composedBackground": "#c62828",
    "composedForeground": "#ffffff",
    "foregroundRole": "state.restricted.ink",
    "kind": "fill-ink",
    "ratio": 5.62,
    "surface": "overlay",
    "theme": "wmc",
    "threshold": 4.5,
  },
  {
    "backgroundRole": "state.success.container",
    "composedBackground": "#66bb6a",
    "composedForeground": "#0d180e",
    "foregroundRole": "state.success.ink",
    "kind": "fill-ink",
    "ratio": 7.68,
    "surface": "overlay",
    "theme": "wmc",
    "threshold": 4.5,
  },
  {
    "backgroundRole": "state.warning.container",
    "composedBackground": "#ffa726",
    "composedForeground": "#000000",
    "foregroundRole": "state.warning.ink",
    "kind": "fill-ink",
    "ratio": 10.81,
    "surface": "overlay",
    "theme": "wmc",
    "threshold": 4.5,
  },
  {
    "backgroundRole": "state.error.container",
    "composedBackground": "#c62828",
    "composedForeground": "#ffffff",
    "foregroundRole": "state.error.ink",
    "kind": "fill-ink",
    "ratio": 5.62,
    "surface": "overlay",
    "theme": "wmc",
    "threshold": 4.5,
  },
  {
    "backgroundRole": "surface.overlay",
    "composedBackground": "#0c2450",
    "composedForeground": "#11aade",
    "foregroundRole": "accent.informative.foreground",
    "kind": "foreground-surface",
    "ratio": 5.66,
    "surface": "overlay",
    "theme": "wmc",
    "threshold": 4.5,
  },
  {
    "backgroundRole": "surface.overlay",
    "composedBackground": "#0c2450",
    "composedForeground": "#eeeeee",
    "foregroundRole": "content.primary",
    "kind": "foreground-surface",
    "ratio": 13.08,
    "surface": "overlay",
    "theme": "wmc",
    "threshold": 4.5,
  },
  {
    "backgroundRole": "surface.overlay",
    "composedBackground": "#0c2450",
    "composedForeground": "#e7e9ee",
    "foregroundRole": "content.secondary",
    "kind": "foreground-surface",
    "ratio": 12.49,
    "surface": "overlay",
    "theme": "wmc",
    "threshold": 4.5,
  },
]
`;
